<html>
<body>
<pre>
<h1>µVision Build Log</h1>
<h2>Tool Versions:</h2>
IDE-Version: µVision V5.34.0.0
Copyright (C) 2021 ARM Ltd and ARM Germany GmbH. All rights reserved.
License Information: Meryem ANNOUAR, ENSAF, LIC=----
 
Tool Versions:
Toolchain:       MDK-Lite  Version: 5.34.0.0
Toolchain Path:  C:\Keil_v5\ARM\ARMCLANG\Bin
C Compiler:      ArmClang.exe V6.16
Assembler:       Armasm.exe V6.16
Linker/Locator:  ArmLink.exe V6.16
Library Manager: ArmAr.exe V6.16
Hex Converter:   FromElf.exe V6.16
CPU DLL:         SARMCM3.DLL V5.34.0.0
Dialog DLL:      DCM.DLL V1.17.3.0
Target DLL:      UL2CM3.DLL V1.163.9.0
Dialog DLL:      TCM.DLL V1.48.0.0
 
<h2>Project:</h2>
C:\Users\merye\Documents\Keil_workspace\00_STM32F429ZITx\01_MCAL_LAYER\03_EXTI\NVIC.uvprojx
Project File Date:  07/08/2021

<h2>Output:</h2>
*** Using Compiler 'V6.16', folder: 'C:\Keil_v5\ARM\ARMCLANG\Bin'
Build target 'Target 1'
EXTI.c(45): warning: binary integer literals are a GNU extension [-Wgnu-binary-literal]
                SYSCFG_EXTICR1 &=~ (0b1111 << u8LineNumber*4);
                                    ^
EXTI.c(45): warning: implicit conversion changes signedness: 'int' to 'unsigned long' [-Wsign-conversion]
                SYSCFG_EXTICR1 &=~ (0b1111 << u8LineNumber*4);
                               ~~^~~~~~~~~~~~~~~~~~~~~~~~~~~~
EXTI.c(46): warning: implicit conversion changes signedness: 'int' to 'unsigned long' [-Wsign-conversion]
                SYSCFG_EXTICR1 |= (u8PortID << u8LineNumber*4);
                               ~~  ~~~~~~~~~^~~~~~~~~~~~~~~~~
EXTI.c(51): warning: binary integer literals are a GNU extension [-Wgnu-binary-literal]
                SYSCFG_EXTICR2 &=~ (0b1111 << u8LineNumber*4);
                                    ^
EXTI.c(51): warning: implicit conversion changes signedness: 'int' to 'unsigned long' [-Wsign-conversion]
                SYSCFG_EXTICR2 &=~ (0b1111 << u8LineNumber*4);
                               ~~^~~~~~~~~~~~~~~~~~~~~~~~~~~~
EXTI.c(52): warning: implicit conversion changes signedness: 'int' to 'unsigned long' [-Wsign-conversion]
                SYSCFG_EXTICR2 |= (u8PortID << u8LineNumber*4);
                               ~~  ~~~~~~~~~^~~~~~~~~~~~~~~~~
EXTI.c(57): warning: binary integer literals are a GNU extension [-Wgnu-binary-literal]
          SYSCFG_EXTICR3 &=~ (0b1111 << u8LineNumber*4);
                              ^
EXTI.c(57): warning: implicit conversion changes signedness: 'int' to 'unsigned long' [-Wsign-conversion]
          SYSCFG_EXTICR3 &=~ (0b1111 << u8LineNumber*4);
                         ~~^~~~~~~~~~~~~~~~~~~~~~~~~~~~
EXTI.c(58): warning: implicit conversion changes signedness: 'int' to 'unsigned long' [-Wsign-conversion]
                SYSCFG_EXTICR3 |= (u8PortID << u8LineNumber*4);
                               ~~  ~~~~~~~~~^~~~~~~~~~~~~~~~~
EXTI.c(63): warning: binary integer literals are a GNU extension [-Wgnu-binary-literal]
                SYSCFG_EXTICR4 &=~ (0b1111 << u8LineNumber*4);
                                    ^
EXTI.c(63): warning: implicit conversion changes signedness: 'int' to 'unsigned long' [-Wsign-conversion]
                SYSCFG_EXTICR4 &=~ (0b1111 << u8LineNumber*4);
                               ~~^~~~~~~~~~~~~~~~~~~~~~~~~~~~
EXTI.c(64): warning: implicit conversion changes signedness: 'int' to 'unsigned long' [-Wsign-conversion]
                SYSCFG_EXTICR4 |= (u8PortID << u8LineNumber*4);
                               ~~  ~~~~~~~~~^~~~~~~~~~~~~~~~~
12 warnings generated.
compiling EXTI.c...
main.c(5): warning: In file included from...
C:/Users/merye/Documents/Keil_workspace/00_STM32F429ZITx/01_MCAL_LAYER/02_NVIC/NVIC.h(21): warning: no newline at end of file [-Wnewline-eof]
#endif
      ^
main.c(8): warning: no previous extern declaration for non-static variable 'u8GlobalFlag' [-Wmissing-variable-declarations]
volatile uint8 u8GlobalFlag = 0;
               ^
main.c(8): note: declare 'static' if the variable is not intended to be used outside of this translation unit
volatile uint8 u8GlobalFlag = 0;
         ^
main.c(63): warning: no previous prototype for function 'EXTI0_IRQHandler' [-Wmissing-prototypes]
void EXTI0_IRQHandler(void)
     ^
main.c(63): note: declare 'static' if the function is not intended to be used outside of this translation unit
void EXTI0_IRQHandler(void)
^
static 
3 warnings generated.
compiling main.c...
linking...
Program Size: Code=1496 RO-data=444 RW-data=0 ZI-data=1640  
".\Objects\RCC_driver.axf" - 0 Error(s), 15 Warning(s).

<h2>Software Packages used:</h2>

Package Vendor: ARM
                http://www.keil.com/pack/ARM.CMSIS.5.7.0.pack
                ARM.CMSIS.5.7.0
                CMSIS (Cortex Microcontroller Software Interface Standard)
   * Component: CORE Version: 5.4.0

Package Vendor: Keil
                http://www.keil.com/pack/Keil.STM32F4xx_DFP.2.15.0.pack
                Keil.STM32F4xx_DFP.2.15.0
                STMicroelectronics STM32F4 Series Device Support, Drivers and Examples
   * Component: Startup Version: 2.6.3

<h2>Collection of Component include folders:</h2>
  .\RTE\_Target_1
  C:\Users\merye\AppData\Local\Arm\Packs\ARM\CMSIS\5.7.0\CMSIS\Core\Include
  C:\Users\merye\AppData\Local\Arm\Packs\Keil\STM32F4xx_DFP\2.15.0\Drivers\CMSIS\Device\ST\STM32F4xx\Include

<h2>Collection of Component Files used:</h2>

   * Component: ARM::CMSIS:CORE:5.4.0

   * Component: Keil::Device:Startup:2.6.3
      Source file:   MDK\Device\Source\ARM\STM32F4xx_OTP.s
      Include file:  Drivers\CMSIS\Device\ST\STM32F4xx\Include\stm32f4xx.h
      Source file:   MDK\Device\Source\ARM\STM32F42xxx_43xxx_OPT.s
      Source file:   Drivers\CMSIS\Device\ST\STM32F4xx\Source\Templates\arm\startup_stm32f429xx.s
      Source file:   Drivers\CMSIS\Device\ST\STM32F4xx\Source\Templates\system_stm32f4xx.c
Build Time Elapsed:  00:00:07
</pre>
</body>
</html>
