###############################################################################
#
# IAR ELF Linker V7.70.1.11437/W32 for ARM                06/Mar/2021  23:21:19
# Copyright 2007-2016 IAR Systems AB.
#
#    Output file  =  
#        C:\Users\KingMina\Desktop\TivaC\Timers\GPT_Prescaler\Debug\Exe\GPT.out
#    Map file     =  
#        C:\Users\KingMina\Desktop\TivaC\Timers\GPT_Prescaler\Debug\List\GPT.map
#    Command line =  
#        C:\Users\KingMina\Desktop\TivaC\Timers\GPT_Prescaler\Debug\Obj\cstartup_M.o
#        C:\Users\KingMina\Desktop\TivaC\Timers\GPT_Prescaler\Debug\Obj\main.o
#        -o
#        C:\Users\KingMina\Desktop\TivaC\Timers\GPT_Prescaler\Debug\Exe\GPT.out
#        --redirect _Printf=_PrintfFull --redirect _Scanf=_ScanfFull --map
#        C:\Users\KingMina\Desktop\TivaC\Timers\GPT_Prescaler\Debug\List\GPT.map
#        --config "C:\Program Files (x86)\IAR Systems\Embedded Workbench
#        7.5\arm\config\linker\TexasInstruments\TM4C123GH6.icf" --semihosting
#        --entry __iar_program_start --vfe
#
###############################################################################

*******************************************************************************
*** RUNTIME MODEL ATTRIBUTES
***

CppFlavor       = *
__SystemLibrary = DLib


*******************************************************************************
*** PLACEMENT SUMMARY
***

"A0":  place at 0x00000000 { ro section .intvec };
"P1":  place in [from 0x00000000 to 0x0003ffff] { ro };
"P2":  place in [from 0x20000000 to 0x20007fff] { rw, block CSTACK, block HEAP };

  Section   Kind        Address    Size  Object
  -------   ----        -------    ----  ------
"A0":                              0x90
  .intvec   const    0x00000000    0x90  cstartup_M.o [1]
                   - 0x00000090    0x90

"P1":                             0x170
  .text     ro code  0x00000090    0xec  main.o [1]
  .text     ro code  0x0000017c    0x22  fpinit_M.o [4]
  .text     ro code  0x0000019e     0x2  cstartup_M.o [1]
  .text     ro code  0x000001a0    0x1a  cmain.o [5]
  .text     ro code  0x000001ba     0x4  low_level_init.o [3]
  .text     ro code  0x000001be     0x4  exit.o [3]
  .text     ro code  0x000001c2     0x2  cstartup_M.o [1]
  .text     ro code  0x000001c4     0xa  cexit.o [5]
  .text     ro code  0x000001ce     0x2  cstartup_M.o [1]
  .text     ro code  0x000001d0    0x14  exit.o [6]
  .text     ro code  0x000001e4    0x10  cstartup_M.o [1]
  .text     ro code  0x000001f4     0x2  cstartup_M.o [1]
  .text     ro code  0x000001f6     0x2  cstartup_M.o [1]
  .text     ro code  0x000001f8     0x2  cstartup_M.o [1]
  .text     ro code  0x000001fa     0x2  cstartup_M.o [1]
  .text     ro code  0x000001fc     0x2  cstartup_M.o [1]
  .text     ro code  0x000001fe     0x2  cstartup_M.o [1]
                   - 0x00000200   0x170

"P2":                            0x1000
  CSTACK             0x20000000  0x1000  <Block>
    CSTACK  uninit   0x20000000  0x1000  <Block tail>
                   - 0x20001000  0x1000



*******************************************************************************
*** MODULE SUMMARY
***

    Module            ro code  ro data  rw data
    ------            -------  -------  -------
C:\Users\KingMina\Desktop\TivaC\Timers\GPT_Prescaler\Debug\Obj: [1]
    cstartup_M.o           34      144
    main.o                236
    -------------------------------------------
    Total:                270      144

command line: [2]
    -------------------------------------------
    Total:

dl7M_tln.a: [3]
    exit.o                  4
    low_level_init.o        4
    -------------------------------------------
    Total:                  8

m7M_tls.a: [4]
    fpinit_M.o             34
    -------------------------------------------
    Total:                 34

rt7M_tl.a: [5]
    cexit.o                10
    cmain.o                26
    -------------------------------------------
    Total:                 36

shb_l.a: [6]
    exit.o                 20
    -------------------------------------------
    Total:                 20

    Linker created                        4 096
-----------------------------------------------
    Grand Total:          368      144    4 096


*******************************************************************************
*** ENTRY LIST
***

Entry                    Address  Size  Type      Object
-----                    -------  ----  ----      ------
?main                 0x000001a1        Code  Gb  cmain.o [5]
BusFault_Handler      0x000001f5   0x2  Code  Wk  cstartup_M.o [1]
CSTACK$$Base          0x20000000         --   Gb  - Linker created -
CSTACK$$Limit         0x20001000         --   Gb  - Linker created -
DebugMon_Handler      0x000001fb   0x2  Code  Wk  cstartup_M.o [1]
HardFault_Handler     0x000001c3   0x2  Code  Wk  cstartup_M.o [1]
MemManage_Handler     0x000001cf   0x2  Code  Wk  cstartup_M.o [1]
NMI_Handler           0x0000019f   0x2  Code  Wk  cstartup_M.o [1]
PendSV_Handler        0x000001fd   0x2  Code  Wk  cstartup_M.o [1]
Region$$Table$$Base   0x00000000         --   Gb  - Linker created -
Region$$Table$$Limit  0x00000000         --   Gb  - Linker created -
SVC_Handler           0x000001f9   0x2  Code  Wk  cstartup_M.o [1]
SysTick_Handler       0x000001ff   0x2  Code  Wk  cstartup_M.o [1]
UsageFault_Handler    0x000001f7   0x2  Code  Wk  cstartup_M.o [1]
__cmain               0x000001a1        Code  Gb  cmain.o [5]
__exit                0x000001d1  0x14  Code  Gb  exit.o [6]
__iar_init_vfp        0x0000017d        Code  Gb  fpinit_M.o [4]
__iar_program_start   0x000001e5  0x10  Code  Gb  cstartup_M.o [1]
__low_level_init      0x000001bb   0x4  Code  Gb  low_level_init.o [3]
__vector_table        0x00000000  0x90  Data  Gb  cstartup_M.o [1]
_call_main            0x000001ad        Code  Gb  cmain.o [5]
_exit                 0x000001c5        Code  Gb  cexit.o [5]
_main                 0x000001b7        Code  Gb  cmain.o [5]
exit                  0x000001bf   0x4  Code  Gb  exit.o [3]
main                  0x00000091  0x9c  Code  Gb  main.o [1]
mina                  0x0000012d  0x1a  Code  Gb  main.o [1]


[1] = C:\Users\KingMina\Desktop\TivaC\Timers\GPT_Prescaler\Debug\Obj
[2] = command line
[3] = dl7M_tln.a
[4] = m7M_tls.a
[5] = rt7M_tl.a
[6] = shb_l.a

    368 bytes of readonly  code memory
    144 bytes of readonly  data memory
  4 096 bytes of readwrite data memory

Errors: none
Warnings: none
