###############################################################################
#
# IAR ELF Linker V7.70.1.11437/W32 for ARM                08/Mar/2021  01:40:23
# Copyright 2007-2016 IAR Systems AB.
#
#    Output file  =  
#        C:\Users\KingMina\Desktop\TivaC\Timers\SYSTICK_Interrupt\Debug\Exe\Systick.out
#    Map file     =  
#        C:\Users\KingMina\Desktop\TivaC\Timers\SYSTICK_Interrupt\Debug\List\Systick.map
#    Command line =  
#        C:\Users\KingMina\Desktop\TivaC\Timers\SYSTICK_Interrupt\Debug\Obj\cstartup_M.o
#        C:\Users\KingMina\Desktop\TivaC\Timers\SYSTICK_Interrupt\Debug\Obj\main.o
#        -o
#        C:\Users\KingMina\Desktop\TivaC\Timers\SYSTICK_Interrupt\Debug\Exe\Systick.out
#        --redirect _Printf=_PrintfFull --redirect _Scanf=_ScanfFull --map
#        C:\Users\KingMina\Desktop\TivaC\Timers\SYSTICK_Interrupt\Debug\List\Systick.map
#        --config "C:\Program Files (x86)\IAR Systems\Embedded Workbench
#        7.5\arm\config\linker\TexasInstruments\TM4C123GH6.icf" --semihosting
#        --entry __iar_program_start "C:\Program Files (x86)\IAR
#        Systems\Embedded Workbench
#        7.5\arm\CMSIS\Lib\IAR\iar_cortexM4lf_math.a" --vfe
#
###############################################################################

*******************************************************************************
*** RUNTIME MODEL ATTRIBUTES
***

CppFlavor       = *
__SystemLibrary = DLib


*******************************************************************************
*** PLACEMENT SUMMARY
***

"A0":  place at 0x00000000 { ro section .intvec };
"P1":  place in [from 0x00000000 to 0x0003ffff] { ro };
"P2":  place in [from 0x20000000 to 0x20007fff] { rw, block CSTACK, block HEAP };

  Section   Kind        Address    Size  Object
  -------   ----        -------    ----  ------
"A0":                              0x8c
  .intvec   const    0x00000000    0x8c  cstartup_M.o [1]
                   - 0x0000008c    0x8c

"P1":                              0xe6
  .text     ro code  0x0000008c    0x64  main.o [1]
  .text     ro code  0x000000f0    0x22  fpinit_M.o [4]
  .text     ro code  0x00000112     0x2  cstartup_M.o [1]
  .text     ro code  0x00000114    0x1a  cmain.o [5]
  .text     ro code  0x0000012e     0x4  low_level_init.o [3]
  .text     ro code  0x00000132     0x4  exit.o [3]
  .text     ro code  0x00000136     0x2  cstartup_M.o [1]
  .text     ro code  0x00000138     0xa  cexit.o [5]
  .text     ro code  0x00000142     0x2  cstartup_M.o [1]
  .text     ro code  0x00000144    0x14  exit.o [6]
  .text     ro code  0x00000158    0x10  cstartup_M.o [1]
  .text     ro code  0x00000168     0x2  cstartup_M.o [1]
  .text     ro code  0x0000016a     0x2  cstartup_M.o [1]
  .text     ro code  0x0000016c     0x2  cstartup_M.o [1]
  .text     ro code  0x0000016e     0x2  cstartup_M.o [1]
  .text     ro code  0x00000170     0x2  cstartup_M.o [1]
                   - 0x00000172    0xe6

"P2":                            0x1000
  CSTACK             0x20000000  0x1000  <Block>
    CSTACK  uninit   0x20000000  0x1000  <Block tail>
                   - 0x20001000  0x1000



*******************************************************************************
*** MODULE SUMMARY
***

    Module            ro code  ro data  rw data
    ------            -------  -------  -------
C:\Users\KingMina\Desktop\TivaC\Timers\SYSTICK_Interrupt\Debug\Obj: [1]
    cstartup_M.o           32      140
    main.o                100
    -------------------------------------------
    Total:                132      140

command line: [2]
    -------------------------------------------
    Total:

dl7M_tln.a: [3]
    exit.o                  4
    low_level_init.o        4
    -------------------------------------------
    Total:                  8

m7M_tls.a: [4]
    fpinit_M.o             34
    -------------------------------------------
    Total:                 34

rt7M_tl.a: [5]
    cexit.o                10
    cmain.o                26
    -------------------------------------------
    Total:                 36

shb_l.a: [6]
    exit.o                 20
    -------------------------------------------
    Total:                 20

    Linker created                        4 096
-----------------------------------------------
    Grand Total:          230      140    4 096


*******************************************************************************
*** ENTRY LIST
***

Entry                    Address  Size  Type      Object
-----                    -------  ----  ----      ------
?main                 0x00000115        Code  Gb  cmain.o [5]
BusFault_Handler      0x00000169   0x2  Code  Wk  cstartup_M.o [1]
CSTACK$$Base          0x20000000         --   Gb  - Linker created -
CSTACK$$Limit         0x20001000         --   Gb  - Linker created -
DebugMon_Handler      0x0000016f   0x2  Code  Wk  cstartup_M.o [1]
HardFault_Handler     0x00000137   0x2  Code  Wk  cstartup_M.o [1]
MemManage_Handler     0x00000143   0x2  Code  Wk  cstartup_M.o [1]
NMI_Handler           0x00000113   0x2  Code  Wk  cstartup_M.o [1]
PendSV_Handler        0x00000171   0x2  Code  Wk  cstartup_M.o [1]
Region$$Table$$Base   0x00000000         --   Gb  - Linker created -
Region$$Table$$Limit  0x00000000         --   Gb  - Linker created -
SVC_Handler           0x0000016d   0x2  Code  Wk  cstartup_M.o [1]
SysTick_Handler       0x000000c5   0xe  Code  Gb  main.o [1]
UsageFault_Handler    0x0000016b   0x2  Code  Wk  cstartup_M.o [1]
__cmain               0x00000115        Code  Gb  cmain.o [5]
__exit                0x00000145  0x14  Code  Gb  exit.o [6]
__iar_init_vfp        0x000000f1        Code  Gb  fpinit_M.o [4]
__iar_program_start   0x00000159  0x10  Code  Gb  cstartup_M.o [1]
__low_level_init      0x0000012f   0x4  Code  Gb  low_level_init.o [3]
__vector_table        0x00000000  0x8c  Data  Gb  cstartup_M.o [1]
_call_main            0x00000121        Code  Gb  cmain.o [5]
_exit                 0x00000139        Code  Gb  cexit.o [5]
_main                 0x0000012b        Code  Gb  cmain.o [5]
exit                  0x00000133   0x4  Code  Gb  exit.o [3]
main                  0x0000008d  0x38  Code  Gb  main.o [1]


[1] = C:\Users\KingMina\Desktop\TivaC\Timers\SYSTICK_Interrupt\Debug\Obj
[2] = command line
[3] = dl7M_tln.a
[4] = m7M_tls.a
[5] = rt7M_tl.a
[6] = shb_l.a

    230 bytes of readonly  code memory
    140 bytes of readonly  data memory
  4 096 bytes of readwrite data memory

Errors: none
Warnings: none
